D/PackageManager(  164): generateServicesMap(android.content.SyncAdapter): 4 services unchanged
D/BackupManagerService(  164): Received broadcast Intent { act=android.intent.action.PACKAGE_ADDED dat=package:co.ronto.showtimes.athens flg=0x8000010 (has extras) }
V/BackupManagerService(  164): removePackageParticipantsLocked: uid=10045 #1
I/InputReader(  164): Reconfiguring input devices.  changes=0x00000010
V/BackupManagerService(  164): addPackageParticipantsLocked: #1
I/AccountTypeManager(  384): Loaded meta-data for 1 account types, 0 accounts in 13ms(wall) 7ms(cpu)
D/dalvikvm(  164): WAIT_FOR_CONCURRENT_GC blocked 0ms
W/InputMethodManagerService(  164): Found no subtypes in a system IME: com.android.inputmethod.pinyin
W/RecognitionManagerService(  164): no available voice recognition services found
D/dalvikvm(  164): GC_EXPLICIT freed 498K, 12% free 11357K/12871K, paused 45ms+35ms, total 337ms
D/AndroidRuntime( 1339): Shutting down VM
I/AndroidRuntime( 1339): NOTE: attach of thread 'Binder_3' failed
D/dalvikvm( 1339): GC_CONCURRENT freed 97K, 78% free 452K/2048K, paused 1ms+2ms, total 23ms
D/AndroidRuntime( 1358): 
D/AndroidRuntime( 1358): >>>>>> AndroidRuntime START com.android.internal.os.RuntimeInit <<<<<<
D/AndroidRuntime( 1358): CheckJNI is ON
D/dalvikvm( 1358): Trying to load lib libjavacore.so 0x0
D/dalvikvm( 1358): Added shared lib libjavacore.so 0x0
D/dalvikvm( 1358): Trying to load lib libnativehelper.so 0x0
D/dalvikvm( 1358): Added shared lib libnativehelper.so 0x0
I/Choreographer(  231): Skipped 31 frames!  The application may be doing too much work on its main thread.
D/AndroidRuntime( 1358): Calling main entry com.android.commands.input.Input
I/Input   ( 1358): InjectKeyEvent: KeyEvent { action=ACTION_DOWN, keyCode=KEYCODE_MENU, scanCode=0, metaState=0, flags=0x0, repeatCount=0, eventTime=2729718, downTime=2729718, deviceId=-1, source=0x101 }
I/Input   ( 1358): InjectKeyEvent: KeyEvent { action=ACTION_UP, keyCode=KEYCODE_MENU, scanCode=0, metaState=0, flags=0x0, repeatCount=0, eventTime=2729718, downTime=2729718, deviceId=-1, source=0x101 }
D/AndroidRuntime( 1358): Shutting down VM
I/AndroidRuntime( 1358): NOTE: attach of thread 'Binder_3' failed
D/dalvikvm( 1358): GC_CONCURRENT freed 100K, 79% free 448K/2048K, paused 2ms+2ms, total 24ms
I/Choreographer(  280): Skipped 56 frames!  The application may be doing too much work on its main thread.
E/PowerManagerService(  164): Excessive delay setting brightness: 133ms, mask=2
E/PowerManagerService(  164): Excessive delay setting brightness: 140ms, mask=2
E/PowerManagerService(  164): Excessive delay setting brightness: 261ms, mask=2
I/Choreographer(  280): Skipped 43 frames!  The application may be doing too much work on its main thread.
E/PowerManagerService(  164): Excessive delay setting brightness: 281ms, mask=2
E/PowerManagerService(  164): Excessive delay setting brightness: 120ms, mask=2
D/AndroidRuntime( 1371): 
D/AndroidRuntime( 1371): >>>>>> AndroidRuntime START com.android.internal.os.RuntimeInit <<<<<<
D/AndroidRuntime( 1371): CheckJNI is ON
D/dalvikvm( 1371): Trying to load lib libjavacore.so 0x0
D/dalvikvm( 1371): Added shared lib libjavacore.so 0x0
D/dalvikvm( 1371): Trying to load lib libnativehelper.so 0x0
D/dalvikvm( 1371): Added shared lib libnativehelper.so 0x0
D/AndroidRuntime( 1371): Calling main entry com.android.commands.am.Am
I/ActivityManager(  164): START {act=android.intent.action.MAIN flg=0x10000000 cmp=co.ronto.showtimes.athens/.HelloCordova u=0} from pid 1371
W/WindowManager(  164): Failure taking screenshot for (246x410) to layer 21010
D/dalvikvm( 1381): Not late-enabling CheckJNI (already on)
I/ActivityManager(  164): Start proc co.ronto.showtimes.athens for activity co.ronto.showtimes.athens/.HelloCordova: pid=1381 uid=10045 gids={3003, 1015, 1028}
E/Trace   ( 1381): error opening trace file: No such file or directory (2)
I/Choreographer(  280): Skipped 31 frames!  The application may be doing too much work on its main thread.
I/CordovaLog( 1381): Changing log level to DEBUG(3)
I/CordovaLog( 1381): Found start page location: index.html
D/Whitelist( 1381): Unlimited access to network resources
D/CordovaActivity( 1381): CordovaActivity.onCreate()
I/dalvikvm( 1381): Could not find method org.apache.cordova.CordovaWebView.setWebContentsDebuggingEnabled, referenced from method org.apache.cordova.CordovaWebView.setup
W/dalvikvm( 1381): VFY: unable to resolve static method 2403: Lorg/apache/cordova/CordovaWebView;.setWebContentsDebuggingEnabled (Z)V
D/dalvikvm( 1381): VFY: replacing opcode 0x71 at 0x00be
D/CordovaWebView( 1381): CordovaWebView is running on device made by: unknown
D/JsMessageQueue( 1381): Set native->JS mode to 2
I/CordovaWebView( 1381): Disabled addJavascriptInterface() bridge since Android version is old.
D/CordovaActivity( 1381): CordovaActivity.init()
D/CordovaWebView( 1381): >>> loadUrl(file:///android_asset/www/index.html)
D/PluginManager( 1381): init()
D/CordovaWebView( 1381): >>> loadUrlNow()
I/CordovaLog( 1381): Changing log level to DEBUG(3)
I/CordovaLog( 1381): Found start page location: index.html
D/Whitelist( 1381): Unlimited access to network resources
D/CordovaActivity( 1381): Resuming the App
D/CordovaActivity( 1381): CB-3064: The errorUrl is null
D/SoftKeyboardDetect( 1381): Ignore this event
D/gralloc_goldfish( 1381): Emulator without GPU emulation detected.
I/ActivityManager(  164): Displayed co.ronto.showtimes.athens/.HelloCordova: +1s943ms
D/AndroidRuntime( 1371): Shutting down VM
D/dalvikvm( 1371): GC_CONCURRENT freed 100K, 77% free 487K/2048K, paused 1ms+2ms, total 21ms
I/AndroidRuntime( 1371): NOTE: attach of thread 'Binder_3' failed
I/Choreographer( 1381): Skipped 78 frames!  The application may be doing too much work on its main thread.
D/SoftKeyboardDetect( 1381): Ignore this event
D/CordovaActivity( 1381): onMessage(onPageStarted,file:///android_asset/www/index.html)
D/dalvikvm( 1381): GC_CONCURRENT freed 141K, 3% free 8314K/8519K, paused 49ms+5ms, total 189ms
D/dalvikvm( 1381): WAIT_FOR_CONCURRENT_GC blocked 85ms
D/CordovaLog( 1381): file:///android_asset/www/cordova.js: Line 966 : Falling back on PROMPT mode since _cordovaNative is missing. Expected for Android 3.2 and lower only.
I/Web Console( 1381): Falling back on PROMPT mode since _cordovaNative is missing. Expected for Android 3.2 and lower only. at file:///android_asset/www/cordova.js:966
D/chromium( 1381): Unknown chromium error: -6
D/dalvikvm( 1381): GC_CONCURRENT freed 349K, 6% free 8383K/8903K, paused 8ms+7ms, total 105ms
D/dalvikvm( 1381): WAIT_FOR_CONCURRENT_GC blocked 80ms
D/dalvikvm( 1381): GC_FOR_ALLOC freed 10K, 3% free 8765K/8967K, paused 41ms, total 51ms
D/CordovaWebViewClient( 1381): onPageFinished(file:///android_asset/www/index.html)
D/CordovaActivity( 1381): onMessage(onPageFinished,file:///android_asset/www/index.html)
D/CordovaActivity( 1381): onMessage(spinner,stop)
D/CordovaLog( 1381): file:///android_asset/www/js/main.js: Line 8 : [Showtimes] File system initialized
I/Web Console( 1381): [Showtimes] File system initialized at file:///android_asset/www/js/main.js:8
D/FileTransfer( 1381): download https://raw.github.com/prontog/showtimes.athens/29ebb8a168cea468bee2e47240e88036f4ef173f/scrape/samples/new_arrivals.json to cdvfile://localhost/persistent/new.json
D/FileTransfer( 1381): Download file:https://raw.github.com/prontog/showtimes.athens/29ebb8a168cea468bee2e47240e88036f4ef173f/scrape/samples/new_arrivals.json
W/PluginManager( 1381): THREAD WARNING: exec() call to FileTransfer.download blocked the main thread for 43ms. Plugin should use CordovaInterface.getThreadPool().
D/CordovaActivity( 1381): onMessage(spinner,stop)
D/dalvikvm( 1381): GC_CONCURRENT freed 948K, 12% free 8256K/9287K, paused 39ms+55ms, total 210ms
D/FileTransfer( 1381): Saved file: cdvfile://localhost/persistent/new.json
D/CordovaLog( 1381): file:///android_asset/www/js/main.js: Line 8 : [Showtimes] Download completed: new.json
I/Web Console( 1381): [Showtimes] Download completed: new.json at file:///android_asset/www/js/main.js:8
D/CordovaLog( 1381): file:///android_asset/www/js/main.js: Line 8 : [Showtimes] readFile new.json
I/Web Console( 1381): [Showtimes] readFile new.json at file:///android_asset/www/js/main.js:8
W/PluginManager( 1381): THREAD WARNING: exec() call to File.getFile blocked the main thread for 18ms. Plugin should use CordovaInterface.getThreadPool().
D/CordovaLog( 1381): file:///android_asset/www/js/main.js: Line 8 : [Showtimes] appFS.root.getFile new.json
I/Web Console( 1381): [Showtimes] appFS.root.getFile new.json at file:///android_asset/www/js/main.js:8
D/CordovaLog( 1381): file:///android_asset/www/js/main.js: Line 8 : [Showtimes] fileEntry.file new.json
I/Web Console( 1381): [Showtimes] fileEntry.file new.json at file:///android_asset/www/js/main.js:8
D/CordovaLog( 1381): file:///android_asset/www/js/main.js: Line 8 : [Showtimes] Number of lines:8
I/Web Console( 1381): [Showtimes] Number of lines:8 at file:///android_asset/www/js/main.js:8
D/CordovaLog( 1381): file:///android_asset/www/js/main.js: Line 8 : [Showtimes] loadFilms: started
I/Web Console( 1381): [Showtimes] loadFilms: started at file:///android_asset/www/js/main.js:8
D/CordovaLog( 1381): file:///android_asset/www/js/main.js: Line 8 : [Showtimes] Loaded 7 films.
I/Web Console( 1381): [Showtimes] Loaded 7 films. at file:///android_asset/www/js/main.js:8
D/CordovaLog( 1381): file:///android_asset/www/js/main.js: Line 8 : [Showtimes] loadFilms: started
I/Web Console( 1381): [Showtimes] loadFilms: started at file:///android_asset/www/js/main.js:8
D/CordovaLog( 1381): file:///android_asset/www/js/main.js: Line 8 : [Showtimes] Loaded 48 films.
I/Web Console( 1381): [Showtimes] Loaded 48 films. at file:///android_asset/www/js/main.js:8
D/dalvikvm(  269): GC_CONCURRENT freed 383K, 7% free 8538K/9159K, paused 11ms+7ms, total 62ms
^[[A^[[B^[[A^[[BD/CordovaWebViewClient( 1381): onPageFinished(file:///android_asset/www/index.html#new)
D/CordovaActivity( 1381): onMessage(onPageFinished,file:///android_asset/www/index.html#new)
I/Choreographer( 1381): Skipped 42 frames!  The application may be doing too much work on its main thread.
I/Choreographer( 1381): Skipped 39 frames!  The application may be doing too much work on its main thread.
I/Choreographer( 1381): Skipped 98 frames!  The application may be doing too much work on its main thread.
I/Choreographer( 1381): Skipped 60 frames!  The application may be doing too much work on its main thread.
^C
pronto@stallman:~$ adb logcat *:I
I/Web Console( 1082): [Showtimes] {"id":"10034231","url":"http://www.athinorama.gr/cinema/movie.aspx?id=10034231","image":"/images/blank.gif","title":"Με Χωρίς Γυναίκες","origTitle":"","category":"Κωμωδία","year":"2014","filmType":"Έγχρ.","duration":"Διάρκεια: 90'","rated":"-","credits":"Eλληνική ταινία, σκηνοθεσία Βαγγέλης Σεϊτανίδης με τους: Θοδωρή Αθερίδη, Δημήτρη Ήμελλο, Σμαράγδα Καρύδη, Σοφία Σεϊρλή","summary":"Δυο 40ρηδες ξεκινούν ένα ολιγοήμερο ταξίδι με αυτοκινούμενο τροχόσπιτο στη δυτική Πελοπόννησο, σε αναζήτηση μιας παλιάς συμμαθήτριάς τους η οποία έχει, λέει, κλειστεί σε μοναστήρι. Στην πραγματικότητα πρόκειται για την προσπάθεια του Ρίκου, εξωστρεφή οικογενειάρχη με αδυναμία στο ωραίο φύλο, να βγάλει από την κατάθλιψη τον κολλητό του «Κουστό», ο οποίος έχει χάσει… εργοστάσιο και γυναίκα.","review":"Κωμικό road movie για μια καθυστερημένη ενηλικίωση με έξυπνες ατάκες, κάποιες εύστοχες κοινωνικοπολιτικές παρατηρήσεις και μια ελεγχόμενη μελαγχολία, αδύναμο όμως δραματουργικά και με αρκετές αφηγηματικές αφέλειες τις οποίες σίγουρα θα συμμάζευε μια πλουσιότερη παραγωγή. Σωστή η χημεία του πρωταγωνιστικού διδύμου, με τον Δημήτρη Ήμελλο («Bank Bang») σε μεγάλα κέφια.","imdb":"http://www.imdb.com/title/tt351050/","theatersUrl":"/cinema/movieplaces.aspx?id=10034231","theaters":""} at file:///android_asset/www/js/main.js:8
I/Web Console( 1082): [Showtimes]  at file:///android_asset/www/js/main.js:8
I/Web Console( 1082): [Showtimes] Error: parsing {} at file:///android_asset/www/js/main.js:11
I/Choreographer( 1082): Skipped 46 frames!  The application may be doing too much work on its main thread.
I/Choreographer( 1082): Skipped 34 frames!  The application may be doing too much work on its main thread.
I/Choreographer( 1082): Skipped 32 frames!  The application may be doing too much work on its main thread.
W/ActivityManager(  164): No content provider found for permission revoke: file:///data/local/tmp/HelloCordova-debug-unaligned.apk
W/ActivityManager(  164): No content provider found for permission revoke: file:///data/local/tmp/HelloCordova-debug-unaligned.apk
I/PackageManager(  164): Removing non-system package:co.ronto.showtimes.athens
I/ActivityManager(  164): Force stopping package co.ronto.showtimes.athens uid=10045
I/ActivityManager(  164): Killing proc 1082:co.ronto.showtimes.athens/u0a45: force stop
W/ActivityManager(  164): Force removing ActivityRecord{413702d0 co.ronto.showtimes.athens/.HelloCordova}: app died, no saved state
I/WindowState(  164): WIN DEATH: Window{413c8d20 co.ronto.showtimes.athens/co.ronto.showtimes.athens.HelloCordova paused=false}
I/PackageManager(  164): Package co.ronto.showtimes.athens codePath changed from /data/app/co.ronto.showtimes.athens-2.apk to /data/app/co.ronto.showtimes.athens-1.apk; Retaining data and using new
I/PackageManager(  164): Running dexopt on: co.ronto.showtimes.athens
W/InputMethodManagerService(  164): Got RemoteException sending setActive(false) notification to pid 1082 uid 10045
I/ActivityManager(  164): Force stopping package co.ronto.showtimes.athens uid=10045
W/PackageManager(  164): Code path for pkg : co.ronto.showtimes.athens changing from /data/app/co.ronto.showtimes.athens-2.apk to /data/app/co.ronto.showtimes.athens-1.apk
W/PackageManager(  164): Resource path for pkg : co.ronto.showtimes.athens changing from /data/app/co.ronto.showtimes.athens-2.apk to /data/app/co.ronto.showtimes.athens-1.apk
I/ActivityManager(  164): Force stopping package co.ronto.showtimes.athens uid=10045
I/InputReader(  164): Reconfiguring input devices.  changes=0x00000010
I/AccountTypeManager(  384): Loaded meta-data for 1 account types, 0 accounts in 20ms(wall) 13ms(cpu)
I/InputReader(  164): Reconfiguring input devices.  changes=0x00000010
I/AccountTypeManager(  384): Loaded meta-data for 1 account types, 0 accounts in 17ms(wall) 9ms(cpu)
W/InputMethodManagerService(  164): Found no subtypes in a system IME: com.android.inputmethod.pinyin
W/RecognitionManagerService(  164): no available voice recognition services found
E/ThrottleService(  164): problem during onPollAlarm: java.lang.IllegalStateException: problem parsing stats: java.io.FileNotFoundException: /proc/net/xt_qtaguid/iface_stat_all: open failed: ENOENT (No such file or directory)
I/AndroidRuntime( 1115): NOTE: attach of thread 'Binder_3' failed
I/Input   ( 1134): InjectKeyEvent: KeyEvent { action=ACTION_DOWN, keyCode=KEYCODE_MENU, scanCode=0, metaState=0, flags=0x0, repeatCount=0, eventTime=1951282, downTime=1951282, deviceId=-1, source=0x101 }
I/Input   ( 1134): InjectKeyEvent: KeyEvent { action=ACTION_UP, keyCode=KEYCODE_MENU, scanCode=0, metaState=0, flags=0x0, repeatCount=0, eventTime=1951282, downTime=1951282, deviceId=-1, source=0x101 }
I/AndroidRuntime( 1134): NOTE: attach of thread 'Binder_3' failed
E/PowerManagerService(  164): Excessive delay setting brightness: 115ms, mask=2
I/Choreographer(  280): Skipped 71 frames!  The application may be doing too much work on its main thread.
E/PowerManagerService(  164): Excessive delay setting brightness: 235ms, mask=2
E/PowerManagerService(  164): Excessive delay setting brightness: 139ms, mask=2
I/Choreographer(  280): Skipped 57 frames!  The application may be doing too much work on its main thread.
E/PowerManagerService(  164): Excessive delay setting brightness: 303ms, mask=2
E/PowerManagerService(  164): Excessive delay setting brightness: 270ms, mask=2
I/ActivityManager(  164): START {act=android.intent.action.MAIN flg=0x10000000 cmp=co.ronto.showtimes.athens/.HelloCordova u=0} from pid 1147
W/WindowManager(  164): Failure taking screenshot for (246x410) to layer 21010
I/ActivityManager(  164): Start proc co.ronto.showtimes.athens for activity co.ronto.showtimes.athens/.HelloCordova: pid=1158 uid=10045 gids={3003, 1015, 1028}
E/Trace   ( 1158): error opening trace file: No such file or directory (2)
I/CordovaLog( 1158): Changing log level to DEBUG(3)
I/CordovaLog( 1158): Found start page location: index.html
I/dalvikvm( 1158): Could not find method org.apache.cordova.CordovaWebView.setWebContentsDebuggingEnabled, referenced from method org.apache.cordova.CordovaWebView.setup
W/dalvikvm( 1158): VFY: unable to resolve static method 2403: Lorg/apache/cordova/CordovaWebView;.setWebContentsDebuggingEnabled (Z)V
I/CordovaWebView( 1158): Disabled addJavascriptInterface() bridge since Android version is old.
I/CordovaLog( 1158): Changing log level to DEBUG(3)
I/CordovaLog( 1158): Found start page location: index.html
I/Choreographer( 1158): Skipped 32 frames!  The application may be doing too much work on its main thread.
I/ActivityManager(  164): Displayed co.ronto.showtimes.athens/.HelloCordova: +2s18ms
I/AndroidRuntime( 1147): NOTE: attach of thread 'Binder_3' failed
I/Choreographer( 1158): Skipped 77 frames!  The application may be doing too much work on its main thread.
I/Choreographer(  280): Skipped 35 frames!  The application may be doing too much work on its main thread.
I/Web Console( 1158): Falling back on PROMPT mode since _cordovaNative is missing. Expected for Android 3.2 and lower only. at file:///android_asset/www/cordova.js:966
I/Web Console( 1158): [Showtimes] File system initialized at file:///android_asset/www/js/main.js:8
W/PluginManager( 1158): THREAD WARNING: exec() call to FileTransfer.download blocked the main thread for 45ms. Plugin should use CordovaInterface.getThreadPool().
I/Web Console( 1158): [Showtimes] Download completed: new.json at file:///android_asset/www/js/main.js:8
I/Web Console( 1158): [Showtimes] readFile new.json at file:///android_asset/www/js/main.js:8
W/PluginManager( 1158): THREAD WARNING: exec() call to File.getFile blocked the main thread for 18ms. Plugin should use CordovaInterface.getThreadPool().
I/Web Console( 1158): [Showtimes] appFS.root.getFile new.json at file:///android_asset/www/js/main.js:8
I/Web Console( 1158): [Showtimes] fileEntry.file new.json at file:///android_asset/www/js/main.js:8
I/Web Console( 1158): [Showtimes] **** LINE #:8 at file:///android_asset/www/js/main.js:8
I/Web Console( 1158): [Showtimes] Error: parsing {} at file:///android_asset/www/js/main.js:11
W/ActivityManager(  164): No content provider found for permission revoke: file:///data/local/tmp/HelloCordova-debug-unaligned.apk
W/ActivityManager(  164): No content provider found for permission revoke: file:///data/local/tmp/HelloCordova-debug-unaligned.apk
I/PackageManager(  164): Removing non-system package:co.ronto.showtimes.athens
I/ActivityManager(  164): Force stopping package co.ronto.showtimes.athens uid=10045
I/ActivityManager(  164): Killing proc 1158:co.ronto.showtimes.athens/u0a45: force stop
W/ActivityManager(  164): Force removing ActivityRecord{413f93a8 co.ronto.showtimes.athens/.HelloCordova}: app died, no saved state
I/WindowState(  164): WIN DEATH: Window{413c8d20 co.ronto.showtimes.athens/co.ronto.showtimes.athens.HelloCordova paused=false}
I/PackageManager(  164): Package co.ronto.showtimes.athens codePath changed from /data/app/co.ronto.showtimes.athens-1.apk to /data/app/co.ronto.showtimes.athens-2.apk; Retaining data and using new
I/PackageManager(  164): Running dexopt on: co.ronto.showtimes.athens
W/InputMethodManagerService(  164): Got RemoteException sending setActive(false) notification to pid 1158 uid 10045
I/ActivityManager(  164): Force stopping package co.ronto.showtimes.athens uid=10045
W/PackageManager(  164): Code path for pkg : co.ronto.showtimes.athens changing from /data/app/co.ronto.showtimes.athens-1.apk to /data/app/co.ronto.showtimes.athens-2.apk
W/PackageManager(  164): Resource path for pkg : co.ronto.showtimes.athens changing from /data/app/co.ronto.showtimes.athens-1.apk to /data/app/co.ronto.showtimes.athens-2.apk
I/ActivityManager(  164): Force stopping package co.ronto.showtimes.athens uid=10045
I/InputReader(  164): Reconfiguring input devices.  changes=0x00000010
I/AccountTypeManager(  384): Loaded meta-data for 1 account types, 0 accounts in 58ms(wall) 8ms(cpu)
I/InputReader(  164): Reconfiguring input devices.  changes=0x00000010
I/AccountTypeManager(  384): Loaded meta-data for 1 account types, 0 accounts in 13ms(wall) 8ms(cpu)
W/InputMethodManagerService(  164): Found no subtypes in a system IME: com.android.inputmethod.pinyin
W/RecognitionManagerService(  164): no available voice recognition services found
I/AndroidRuntime( 1190): NOTE: attach of thread 'Binder_3' failed
I/Input   ( 1209): InjectKeyEvent: KeyEvent { action=ACTION_DOWN, keyCode=KEYCODE_MENU, scanCode=0, metaState=0, flags=0x0, repeatCount=0, eventTime=2127949, downTime=2127949, deviceId=-1, source=0x101 }
I/Input   ( 1209): InjectKeyEvent: KeyEvent { action=ACTION_UP, keyCode=KEYCODE_MENU, scanCode=0, metaState=0, flags=0x0, repeatCount=0, eventTime=2127949, downTime=2127949, deviceId=-1, source=0x101 }
I/AndroidRuntime( 1209): NOTE: attach of thread 'Binder_3' failed
E/PowerManagerService(  164): Excessive delay setting brightness: 107ms, mask=2
E/PowerManagerService(  164): Excessive delay setting brightness: 284ms, mask=2
I/Choreographer(  280): Skipped 143 frames!  The application may be doing too much work on its main thread.
E/PowerManagerService(  164): Excessive delay setting brightness: 234ms, mask=2
E/PowerManagerService(  164): Excessive delay setting brightness: 252ms, mask=2
E/PowerManagerService(  164): Excessive delay setting brightness: 335ms, mask=2
I/Choreographer(  280): Skipped 143 frames!  The application may be doing too much work on its main thread.
I/ActivityManager(  164): START {act=android.intent.action.MAIN flg=0x10000000 cmp=co.ronto.showtimes.athens/.HelloCordova u=0} from pid 1222
W/WindowManager(  164): Failure taking screenshot for (246x410) to layer 21010
I/ActivityManager(  164): Start proc co.ronto.showtimes.athens for activity co.ronto.showtimes.athens/.HelloCordova: pid=1232 uid=10045 gids={3003, 1015, 1028}
E/Trace   ( 1232): error opening trace file: No such file or directory (2)
I/Choreographer(  280): Skipped 50 frames!  The application may be doing too much work on its main thread.
I/CordovaLog( 1232): Changing log level to DEBUG(3)
I/CordovaLog( 1232): Found start page location: index.html
I/dalvikvm( 1232): Could not find method org.apache.cordova.CordovaWebView.setWebContentsDebuggingEnabled, referenced from method org.apache.cordova.CordovaWebView.setup
W/dalvikvm( 1232): VFY: unable to resolve static method 2403: Lorg/apache/cordova/CordovaWebView;.setWebContentsDebuggingEnabled (Z)V
I/CordovaWebView( 1232): Disabled addJavascriptInterface() bridge since Android version is old.
I/CordovaLog( 1232): Changing log level to DEBUG(3)
I/CordovaLog( 1232): Found start page location: index.html
I/ActivityManager(  164): Displayed co.ronto.showtimes.athens/.HelloCordova: +1s947ms
I/AndroidRuntime( 1222): NOTE: attach of thread 'Binder_3' failed
I/Choreographer( 1232): Skipped 52 frames!  The application may be doing too much work on its main thread.
W/ProcessStats(  164): Skipping unknown process pid 1220
W/ProcessStats(  164): Skipping unknown process pid 1222
I/Choreographer(  280): Skipped 89 frames!  The application may be doing too much work on its main thread.
I/Web Console( 1232): Falling back on PROMPT mode since _cordovaNative is missing. Expected for Android 3.2 and lower only. at file:///android_asset/www/cordova.js:966
W/PluginManager( 1232): THREAD WARNING: exec() call to App.show blocked the main thread for 20ms. Plugin should use CordovaInterface.getThreadPool().
W/PluginManager( 1232): THREAD WARNING: exec() call to Device.getDeviceInfo blocked the main thread for 48ms. Plugin should use CordovaInterface.getThreadPool().
I/Web Console( 1232): deviceready has not fired after 5 seconds. at file:///android_asset/www/cordova.js:1128
W/PluginManager( 1232): THREAD WARNING: exec() call to File.requestFileSystem blocked the main thread for 26ms. Plugin should use CordovaInterface.getThreadPool().
I/Web Console( 1232): [Showtimes] File system initialized at file:///android_asset/www/js/main.js:8
W/PluginManager( 1232): THREAD WARNING: exec() call to FileTransfer.download blocked the main thread for 23ms. Plugin should use CordovaInterface.getThreadPool().
I/Web Console( 1232): [Showtimes] Download completed: new.json at file:///android_asset/www/js/main.js:8
I/Web Console( 1232): [Showtimes] readFile new.json at file:///android_asset/www/js/main.js:8
I/Web Console( 1232): [Showtimes] appFS.root.getFile new.json at file:///android_asset/www/js/main.js:8
I/Web Console( 1232): [Showtimes] fileEntry.file new.json at file:///android_asset/www/js/main.js:8
I/Web Console( 1232): [Showtimes] Number of lines:8 at file:///android_asset/www/js/main.js:8
I/Choreographer( 1232): Skipped 47 frames!  The application may be doing too much work on its main thread.
W/ActivityManager(  164): No content provider found for permission revoke: file:///data/local/tmp/HelloCordova-debug-unaligned.apk
W/ActivityManager(  164): No content provider found for permission revoke: file:///data/local/tmp/HelloCordova-debug-unaligned.apk
I/PackageManager(  164): Removing non-system package:co.ronto.showtimes.athens
I/ActivityManager(  164): Force stopping package co.ronto.showtimes.athens uid=10045
I/ActivityManager(  164): Killing proc 1232:co.ronto.showtimes.athens/u0a45: force stop
W/ActivityManager(  164): Force removing ActivityRecord{4151cd40 co.ronto.showtimes.athens/.HelloCordova}: app died, no saved state
I/WindowState(  164): WIN DEATH: Window{413f5920 co.ronto.showtimes.athens/co.ronto.showtimes.athens.HelloCordova paused=false}
I/PackageManager(  164): Package co.ronto.showtimes.athens codePath changed from /data/app/co.ronto.showtimes.athens-2.apk to /data/app/co.ronto.showtimes.athens-1.apk; Retaining data and using new
I/Choreographer(  280): Skipped 64 frames!  The application may be doing too much work on its main thread.
I/PackageManager(  164): Running dexopt on: co.ronto.showtimes.athens
W/InputMethodManagerService(  164): Got RemoteException sending setActive(false) notification to pid 1232 uid 10045
I/ActivityManager(  164): Force stopping package co.ronto.showtimes.athens uid=10045
W/PackageManager(  164): Code path for pkg : co.ronto.showtimes.athens changing from /data/app/co.ronto.showtimes.athens-2.apk to /data/app/co.ronto.showtimes.athens-1.apk
W/PackageManager(  164): Resource path for pkg : co.ronto.showtimes.athens changing from /data/app/co.ronto.showtimes.athens-2.apk to /data/app/co.ronto.showtimes.athens-1.apk
I/ActivityManager(  164): Force stopping package co.ronto.showtimes.athens uid=10045
I/InputReader(  164): Reconfiguring input devices.  changes=0x00000010
I/AccountTypeManager(  384): Loaded meta-data for 1 account types, 0 accounts in 74ms(wall) 11ms(cpu)
I/InputReader(  164): Reconfiguring input devices.  changes=0x00000010
I/AccountTypeManager(  384): Loaded meta-data for 1 account types, 0 accounts in 15ms(wall) 9ms(cpu)
W/InputMethodManagerService(  164): Found no subtypes in a system IME: com.android.inputmethod.pinyin
W/RecognitionManagerService(  164): no available voice recognition services found
I/AndroidRuntime( 1264): NOTE: attach of thread 'Binder_3' failed
I/Input   ( 1283): InjectKeyEvent: KeyEvent { action=ACTION_DOWN, keyCode=KEYCODE_MENU, scanCode=0, metaState=0, flags=0x0, repeatCount=0, eventTime=2399701, downTime=2399701, deviceId=-1, source=0x101 }
I/Input   ( 1283): InjectKeyEvent: KeyEvent { action=ACTION_UP, keyCode=KEYCODE_MENU, scanCode=0, metaState=0, flags=0x0, repeatCount=0, eventTime=2399701, downTime=2399701, deviceId=-1, source=0x101 }
I/AndroidRuntime( 1283): NOTE: attach of thread 'Binder_3' failed
I/Choreographer(  280): Skipped 56 frames!  The application may be doing too much work on its main thread.
E/PowerManagerService(  164): Excessive delay setting brightness: 119ms, mask=2
E/PowerManagerService(  164): Excessive delay setting brightness: 114ms, mask=2
I/Choreographer(  280): Skipped 42 frames!  The application may be doing too much work on its main thread.
E/PowerManagerService(  164): Excessive delay setting brightness: 354ms, mask=2
E/PowerManagerService(  164): Excessive delay setting brightness: 283ms, mask=2
I/ActivityManager(  164): START {act=android.intent.action.MAIN flg=0x10000000 cmp=co.ronto.showtimes.athens/.HelloCordova u=0} from pid 1296
W/WindowManager(  164): Failure taking screenshot for (246x410) to layer 21010
I/ActivityManager(  164): Start proc co.ronto.showtimes.athens for activity co.ronto.showtimes.athens/.HelloCordova: pid=1306 uid=10045 gids={3003, 1015, 1028}
E/Trace   ( 1306): error opening trace file: No such file or directory (2)
I/Choreographer(  280): Skipped 50 frames!  The application may be doing too much work on its main thread.
I/CordovaLog( 1306): Changing log level to DEBUG(3)
I/CordovaLog( 1306): Found start page location: index.html
I/dalvikvm( 1306): Could not find method org.apache.cordova.CordovaWebView.setWebContentsDebuggingEnabled, referenced from method org.apache.cordova.CordovaWebView.setup
W/dalvikvm( 1306): VFY: unable to resolve static method 2403: Lorg/apache/cordova/CordovaWebView;.setWebContentsDebuggingEnabled (Z)V
I/CordovaWebView( 1306): Disabled addJavascriptInterface() bridge since Android version is old.
I/CordovaLog( 1306): Changing log level to DEBUG(3)
I/CordovaLog( 1306): Found start page location: index.html
I/ActivityManager(  164): Displayed co.ronto.showtimes.athens/.HelloCordova: +2s31ms
I/Choreographer( 1306): Skipped 48 frames!  The application may be doing too much work on its main thread.
I/Choreographer(  280): Skipped 98 frames!  The application may be doing too much work on its main thread.
I/Web Console( 1306): Falling back on PROMPT mode since _cordovaNative is missing. Expected for Android 3.2 and lower only. at file:///android_asset/www/cordova.js:966
W/PluginManager( 1306): THREAD WARNING: exec() call to Device.getDeviceInfo blocked the main thread for 22ms. Plugin should use CordovaInterface.getThreadPool().
W/PluginManager( 1306): THREAD WARNING: exec() call to File.requestFileSystem blocked the main thread for 40ms. Plugin should use CordovaInterface.getThreadPool().
I/Web Console( 1306): [Showtimes] File system initialized at file:///android_asset/www/js/main.js:8
W/PluginManager( 1306): THREAD WARNING: exec() call to FileTransfer.download blocked the main thread for 32ms. Plugin should use CordovaInterface.getThreadPool().
I/Web Console( 1306): [Showtimes] loadFilms: started at file:///android_asset/www/js/main.js:8
I/Web Console( 1306): [Showtimes] Loaded 0 films. at file:///android_asset/www/js/main.js:8
I/Web Console( 1306): [Showtimes] loadFilms: started at file:///android_asset/www/js/main.js:8
I/Web Console( 1306): [Showtimes] Loaded 48 films. at file:///android_asset/www/js/main.js:8
I/Web Console( 1306): [Showtimes] Download completed: new.json at file:///android_asset/www/js/main.js:8
I/Web Console( 1306): [Showtimes] readFile new.json at file:///android_asset/www/js/main.js:8
I/Web Console( 1306): [Showtimes] appFS.root.getFile new.json at file:///android_asset/www/js/main.js:8
I/Web Console( 1306): [Showtimes] fileEntry.file new.json at file:///android_asset/www/js/main.js:8
W/PluginManager( 1306): THREAD WARNING: exec() call to File.readAsText blocked the main thread for 17ms. Plugin should use CordovaInterface.getThreadPool().
I/Web Console( 1306): [Showtimes] Number of lines:8 at file:///android_asset/www/js/main.js:8
E/ThrottleService(  164): problem during onPollAlarm: java.lang.IllegalStateException: problem parsing stats: java.io.FileNotFoundException: /proc/net/xt_qtaguid/iface_stat_all: open failed: ENOENT (No such file or directory)
W/ActivityManager(  164): No content provider found for permission revoke: file:///data/local/tmp/HelloCordova-debug-unaligned.apk
W/ActivityManager(  164): No content provider found for permission revoke: file:///data/local/tmp/HelloCordova-debug-unaligned.apk
I/PackageManager(  164): Removing non-system package:co.ronto.showtimes.athens
I/ActivityManager(  164): Force stopping package co.ronto.showtimes.athens uid=10045
I/ActivityManager(  164): Killing proc 1306:co.ronto.showtimes.athens/u0a45: force stop
W/ActivityManager(  164): Force removing ActivityRecord{41383d58 co.ronto.showtimes.athens/.HelloCordova}: app died, no saved state
I/WindowState(  164): WIN DEATH: Window{413f42a8 co.ronto.showtimes.athens/co.ronto.showtimes.athens.HelloCordova paused=false}
I/PackageManager(  164): Package co.ronto.showtimes.athens codePath changed from /data/app/co.ronto.showtimes.athens-1.apk to /data/app/co.ronto.showtimes.athens-2.apk; Retaining data and using new
I/Choreographer(  280): Skipped 54 frames!  The application may be doing too much work on its main thread.
W/InputMethodManagerService(  164): Got RemoteException sending setActive(false) notification to pid 1306 uid 10045
I/PackageManager(  164): Running dexopt on: co.ronto.showtimes.athens
I/ActivityManager(  164): Force stopping package co.ronto.showtimes.athens uid=10045
W/PackageManager(  164): Code path for pkg : co.ronto.showtimes.athens changing from /data/app/co.ronto.showtimes.athens-1.apk to /data/app/co.ronto.showtimes.athens-2.apk
W/PackageManager(  164): Resource path for pkg : co.ronto.showtimes.athens changing from /data/app/co.ronto.showtimes.athens-1.apk to /data/app/co.ronto.showtimes.athens-2.apk
I/ActivityManager(  164): Force stopping package co.ronto.showtimes.athens uid=10045
I/InputReader(  164): Reconfiguring input devices.  changes=0x00000010
I/AccountTypeManager(  384): Loaded meta-data for 1 account types, 0 accounts in 18ms(wall) 10ms(cpu)
I/InputReader(  164): Reconfiguring input devices.  changes=0x00000010
I/AccountTypeManager(  384): Loaded meta-data for 1 account types, 0 accounts in 13ms(wall) 7ms(cpu)
W/InputMethodManagerService(  164): Found no subtypes in a system IME: com.android.inputmethod.pinyin
W/RecognitionManagerService(  164): no available voice recognition services found
I/AndroidRuntime( 1339): NOTE: attach of thread 'Binder_3' failed
I/Choreographer(  231): Skipped 31 frames!  The application may be doing too much work on its main thread.
I/Input   ( 1358): InjectKeyEvent: KeyEvent { action=ACTION_DOWN, keyCode=KEYCODE_MENU, scanCode=0, metaState=0, flags=0x0, repeatCount=0, eventTime=2729718, downTime=2729718, deviceId=-1, source=0x101 }
I/Input   ( 1358): InjectKeyEvent: KeyEvent { action=ACTION_UP, keyCode=KEYCODE_MENU, scanCode=0, metaState=0, flags=0x0, repeatCount=0, eventTime=2729718, downTime=2729718, deviceId=-1, source=0x101 }
I/AndroidRuntime( 1358): NOTE: attach of thread 'Binder_3' failed
I/Choreographer(  280): Skipped 56 frames!  The application may be doing too much work on its main thread.
E/PowerManagerService(  164): Excessive delay setting brightness: 133ms, mask=2
E/PowerManagerService(  164): Excessive delay setting brightness: 140ms, mask=2
E/PowerManagerService(  164): Excessive delay setting brightness: 261ms, mask=2
I/Choreographer(  280): Skipped 43 frames!  The application may be doing too much work on its main thread.
E/PowerManagerService(  164): Excessive delay setting brightness: 281ms, mask=2
E/PowerManagerService(  164): Excessive delay setting brightness: 120ms, mask=2
I/ActivityManager(  164): START {act=android.intent.action.MAIN flg=0x10000000 cmp=co.ronto.showtimes.athens/.HelloCordova u=0} from pid 1371
W/WindowManager(  164): Failure taking screenshot for (246x410) to layer 21010
I/ActivityManager(  164): Start proc co.ronto.showtimes.athens for activity co.ronto.showtimes.athens/.HelloCordova: pid=1381 uid=10045 gids={3003, 1015, 1028}
E/Trace   ( 1381): error opening trace file: No such file or directory (2)
I/Choreographer(  280): Skipped 31 frames!  The application may be doing too much work on its main thread.
I/CordovaLog( 1381): Changing log level to DEBUG(3)
I/CordovaLog( 1381): Found start page location: index.html
I/dalvikvm( 1381): Could not find method org.apache.cordova.CordovaWebView.setWebContentsDebuggingEnabled, referenced from method org.apache.cordova.CordovaWebView.setup
W/dalvikvm( 1381): VFY: unable to resolve static method 2403: Lorg/apache/cordova/CordovaWebView;.setWebContentsDebuggingEnabled (Z)V
I/CordovaWebView( 1381): Disabled addJavascriptInterface() bridge since Android version is old.
I/CordovaLog( 1381): Changing log level to DEBUG(3)
I/CordovaLog( 1381): Found start page location: index.html
I/ActivityManager(  164): Displayed co.ronto.showtimes.athens/.HelloCordova: +1s943ms
I/AndroidRuntime( 1371): NOTE: attach of thread 'Binder_3' failed
I/Choreographer( 1381): Skipped 78 frames!  The application may be doing too much work on its main thread.
I/Web Console( 1381): Falling back on PROMPT mode since _cordovaNative is missing. Expected for Android 3.2 and lower only. at file:///android_asset/www/cordova.js:966
I/Web Console( 1381): [Showtimes] File system initialized at file:///android_asset/www/js/main.js:8
W/PluginManager( 1381): THREAD WARNING: exec() call to FileTransfer.download blocked the main thread for 43ms. Plugin should use CordovaInterface.getThreadPool().
I/Web Console( 1381): [Showtimes] Download completed: new.json at file:///android_asset/www/js/main.js:8
I/Web Console( 1381): [Showtimes] readFile new.json at file:///android_asset/www/js/main.js:8
W/PluginManager( 1381): THREAD WARNING: exec() call to File.getFile blocked the main thread for 18ms. Plugin should use CordovaInterface.getThreadPool().
I/Web Console( 1381): [Showtimes] appFS.root.getFile new.json at file:///android_asset/www/js/main.js:8
I/Web Console( 1381): [Showtimes] fileEntry.file new.json at file:///android_asset/www/js/main.js:8
I/Web Console( 1381): [Showtimes] Number of lines:8 at file:///android_asset/www/js/main.js:8
I/Web Console( 1381): [Showtimes] loadFilms: started at file:///android_asset/www/js/main.js:8
I/Web Console( 1381): [Showtimes] Loaded 7 films. at file:///android_asset/www/js/main.js:8
I/Web Console( 1381): [Showtimes] loadFilms: started at file:///android_asset/www/js/main.js:8
I/Web Console( 1381): [Showtimes] Loaded 48 films. at file:///android_asset/www/js/main.js:8
I/Choreographer( 1381): Skipped 42 frames!  The application may be doing too much work on its main thread.
I/Choreographer( 1381): Skipped 39 frames!  The application may be doing too much work on its main thread.
I/Choreographer( 1381): Skipped 98 frames!  The application may be doing too much work on its main thread.
I/Choreographer( 1381): Skipped 60 frames!  The application may be doing too much work on its main thread.
E/ThrottleService(  164): problem during onPollAlarm: java.lang.IllegalStateException: problem parsing stats: java.io.FileNotFoundException: /proc/net/xt_qtaguid/iface_stat_all: open failed: ENOENT (No such file or directory)
E/ThrottleService(  164): problem during onPollAlarm: java.lang.IllegalStateException: problem parsing stats: java.io.FileNotFoundException: /proc/net/xt_qtaguid/iface_stat_all: open failed: ENOENT (No such file or directory)
I/PerformBackupTask(  164): no backup data written; not calling transport
I/BackupManagerService(  164): got agent android.app.backup.BackupAgent$BackupServiceBinder@4137ef20
I/PerformBackupTask(  164): Backup pass finished.
E/ThrottleService(  164): problem during onPollAlarm: java.lang.IllegalStateException: problem parsing stats: java.io.FileNotFoundException: /proc/net/xt_qtaguid/iface_stat_all: open failed: ENOENT (No such file or directory)
E/ThrottleService(  164): problem during onPollAlarm: java.lang.IllegalStateException: problem parsing stats: java.io.FileNotFoundException: /proc/net/xt_qtaguid/iface_stat_all: open failed: ENOENT (No such file or directory)
W/ActivityManager(  164): No content provider found for permission revoke: file:///data/local/tmp/HelloCordova-debug-unaligned.apk
W/ActivityManager(  164): No content provider found for permission revoke: file:///data/local/tmp/HelloCordova-debug-unaligned.apk
I/PackageManager(  164): Removing non-system package:co.ronto.showtimes.athens
I/ActivityManager(  164): Force stopping package co.ronto.showtimes.athens uid=10045
I/ActivityManager(  164): Killing proc 1381:co.ronto.showtimes.athens/u0a45: force stop
W/ActivityManager(  164): Force removing ActivityRecord{41383ba8 co.ronto.showtimes.athens/.HelloCordova}: app died, no saved state
I/WindowState(  164): WIN DEATH: Window{413f5920 co.ronto.showtimes.athens/co.ronto.showtimes.athens.HelloCordova paused=false}
I/PackageManager(  164): Package co.ronto.showtimes.athens codePath changed from /data/app/co.ronto.showtimes.athens-2.apk to /data/app/co.ronto.showtimes.athens-1.apk; Retaining data and using new
W/InputMethodManagerService(  164): Got RemoteException sending setActive(false) notification to pid 1381 uid 10045
I/PackageManager(  164): Running dexopt on: co.ronto.showtimes.athens
I/ActivityManager(  164): Force stopping package co.ronto.showtimes.athens uid=10045
W/PackageManager(  164): Code path for pkg : co.ronto.showtimes.athens changing from /data/app/co.ronto.showtimes.athens-2.apk to /data/app/co.ronto.showtimes.athens-1.apk
W/PackageManager(  164): Resource path for pkg : co.ronto.showtimes.athens changing from /data/app/co.ronto.showtimes.athens-2.apk to /data/app/co.ronto.showtimes.athens-1.apk
I/ActivityManager(  164): Force stopping package co.ronto.showtimes.athens uid=10045
I/InputReader(  164): Reconfiguring input devices.  changes=0x00000010
I/AccountTypeManager(  384): Loaded meta-data for 1 account types, 0 accounts in 14ms(wall) 7ms(cpu)
I/InputReader(  164): Reconfiguring input devices.  changes=0x00000010
W/InputMethodManagerService(  164): Found no subtypes in a system IME: com.android.inputmethod.pinyin
I/AccountTypeManager(  384): Loaded meta-data for 1 account types, 0 accounts in 19ms(wall) 7ms(cpu)
W/RecognitionManagerService(  164): no available voice recognition services found
I/AndroidRuntime( 1417): NOTE: attach of thread 'Binder_3' failed
I/Input   ( 1436): InjectKeyEvent: KeyEvent { action=ACTION_DOWN, keyCode=KEYCODE_MENU, scanCode=0, metaState=0, flags=0x0, repeatCount=0, eventTime=5081143, downTime=5081143, deviceId=-1, source=0x101 }
I/Input   ( 1436): InjectKeyEvent: KeyEvent { action=ACTION_UP, keyCode=KEYCODE_MENU, scanCode=0, metaState=0, flags=0x0, repeatCount=0, eventTime=5081143, downTime=5081143, deviceId=-1, source=0x101 }
I/AndroidRuntime( 1436): NOTE: attach of thread 'Binder_3' failed
E/PowerManagerService(  164): Excessive delay setting brightness: 105ms, mask=2
I/Choreographer(  280): Skipped 75 frames!  The application may be doing too much work on its main thread.
E/PowerManagerService(  164): Excessive delay setting brightness: 150ms, mask=2
I/Choreographer(  164): Skipped 36 frames!  The application may be doing too much work on its main thread.
E/PowerManagerService(  164): Excessive delay setting brightness: 270ms, mask=2
E/PowerManagerService(  164): Excessive delay setting brightness: 243ms, mask=2
I/ActivityManager(  164): START {act=android.intent.action.MAIN flg=0x10000000 cmp=co.ronto.showtimes.athens/.HelloCordova u=0} from pid 1449
W/WindowManager(  164): Failure taking screenshot for (246x410) to layer 21010
I/ActivityManager(  164): Start proc co.ronto.showtimes.athens for activity co.ronto.showtimes.athens/.HelloCordova: pid=1460 uid=10045 gids={3003, 1015, 1028}
E/Trace   ( 1460): error opening trace file: No such file or directory (2)
I/CordovaLog( 1460): Changing log level to DEBUG(3)
I/CordovaLog( 1460): Found start page location: index.html
I/dalvikvm( 1460): Could not find method org.apache.cordova.CordovaWebView.setWebContentsDebuggingEnabled, referenced from method org.apache.cordova.CordovaWebView.setup
W/dalvikvm( 1460): VFY: unable to resolve static method 2403: Lorg/apache/cordova/CordovaWebView;.setWebContentsDebuggingEnabled (Z)V
I/CordovaWebView( 1460): Disabled addJavascriptInterface() bridge since Android version is old.
I/CordovaLog( 1460): Changing log level to DEBUG(3)
I/CordovaLog( 1460): Found start page location: index.html
I/ActivityManager(  164): Displayed co.ronto.showtimes.athens/.HelloCordova: +2s168ms
I/AndroidRuntime( 1449): NOTE: attach of thread 'Binder_3' failed
I/Choreographer(  164): Skipped 33 frames!  The application may be doing too much work on its main thread.
I/Choreographer( 1460): Skipped 31 frames!  The application may be doing too much work on its main thread.
I/Choreographer(  280): Skipped 42 frames!  The application may be doing too much work on its main thread.
I/Web Console( 1460): Falling back on PROMPT mode since _cordovaNative is missing. Expected for Android 3.2 and lower only. at file:///android_asset/www/cordova.js:966
E/Web Console( 1460): Uncaught SyntaxError: Unexpected identifier at file:///android_asset/www/js/main.js:136
E/Web Console( 1460): Uncaught ReferenceError: app is not defined at file:///android_asset/www/index.html:89
I/Choreographer(  231): Skipped 39 frames!  The application may be doing too much work on its main thread.
^[[B

